
SN 68k version 2.53


Assembly completed.
0 error(s) from 89414 lines in 0.13 seconds
